0
16
64
144
256
0
16
64
0
0
16
64
144
256
400
576
784
1024
0
16
64
144
256
