43 43 43 43 43 43 43
true true true
false false
a a a a
xxxxx
