0 
1 
3
0
10
0
0
4
0
4
0
100
300
0
0
0
0
1
2
3
4
0
2
6
12
0
9
6
